[M::bwa_idx_load_from_disk] read 0 ALT contigs
[M::process] read 24 sequences (3600 bp)...
[M::mem_pestat] # candidate unique pairs for (FF, FR, RF, RR): (0, 10, 0, 0)
[M::mem_pestat] skip orientation FF as there are not enough pairs
[M::mem_pestat] analyzing insert size distribution for orientation FR...
[M::mem_pestat] (25, 50, 75) percentile: (313, 371, 417)
[M::mem_pestat] low and high boundaries for computing mean and std.dev: (105, 625)
[M::mem_pestat] mean and std.dev: (359.10, 62.85)
[M::mem_pestat] low and high boundaries for proper pairs: (1, 729)
[M::mem_pestat] skip orientation RF as there are not enough pairs
[M::mem_pestat] skip orientation RR as there are not enough pairs
[M::mem_process_seqs] Processed 24 reads in 0.003 CPU sec, 0.001 real sec
[main] Version: 0.7.17-r1188
[main] CMD: /usr/bin/bwa mem -t 2 /home/connor/Bioinformatics/Hallam_projects/TreeSAPP/tests/test_data/test_output_TarA/final_outputs/PitchLake_TarA_Mcr_Dsr_classified.fna /home/connor/Bioinformatics/Hallam_projects/TreeSAPP/tests/test_data/test_TarA.1.fq /home/connor/Bioinformatics/Hallam_projects/TreeSAPP/tests/test_data/test_TarA.2.fq
[main] Real time: 0.007 sec; CPU: 0.004 sec
